components/GlobalPlayer.tsx(303,5): error TS2657: JSX expressions must have one parent element.
components/GlobalPlayer.tsx(507,9): error TS17002: Expected corresponding JSX closing tag for 'Animated.View'.
components/GlobalPlayer.tsx(558,7): error TS1005: ')' expected.
components/GlobalPlayer.tsx(631,5): error TS1128: Declaration or statement expected.
components/GlobalPlayer.tsx(632,3): error TS1109: Expression expected.
